// Jest Snapshot v1, https://goo.gl/fbAQLP

exports[`<Offer> component should render correctly 1`] = `
<Fragment>
  <styled.div
    id="offer"
  >
    <Styled(Component)
      fluid="imageUrl"
    />
    <Styled(Component)
      fluid="imageUrl"
    />
    <styled.div>
      <styled.div>
        <styled.h1>
          Онлайн-школа Granich
        </styled.h1>
        <styled.div>
          Онлайн-курсы
           
          <Styled(Component)
            alt="flags"
            fluid="imageUrl"
          />
           
          <br />
           
          c
           
          <span
            onClick={[Function]}
            onKeyDown={[Function]}
            role="button"
          >
            осознанным подходом
             
            <Styled(Component) />
          </span>
        </styled.div>
      </styled.div>
    </styled.div>
  </styled.div>
  <Styled(Component) />
</Fragment>
`;
